g++ -Wall -g -O0 -Wwrite-strings -Wshadow -pedantic-errors -fstack-protector-all -std=c++11 -I././include/ -c src/particle.cpp
g++ -Wall -g -O0 -Wwrite-strings -Wshadow -pedantic-errors -fstack-protector-all -std=c++11 -I././include/ -c src/transform_wrapper.cpp
g++ -Wall -g -O0 -Wwrite-strings -Wshadow -pedantic-errors -fstack-protector-all -std=c++11 -I././include/ -c src/adjacent_coods.cpp
g++ -Wall -g -O0 -Wwrite-strings -Wshadow -pedantic-errors -fstack-protector-all -std=c++11 -I././include/ -c src/mom_diagnostic.cpp
g++ -Wall -g -O0 -Wwrite-strings -Wshadow -pedantic-errors -fstack-protector-all -std=c++11 -I././include/ -c src/out_writer.cpp
g++ -Wall -g -O0 -Wwrite-strings -Wshadow -pedantic-errors -fstack-protector-all -std=c++11 -I././include/ -c src/electron.cpp
g++ -Wall -g -O0 -Wwrite-strings -Wshadow -pedantic-errors -fstack-protector-all -std=c++11 -I././include/ -c src/square_mod.cpp
g++ -Wall -g -O0 -Wwrite-strings -Wshadow -pedantic-errors -fstack-protector-all -std=c++11 -I././include/ -c src/wrap_around.cpp
g++ -Wall -g -O0 -Wwrite-strings -Wshadow -pedantic-errors -fstack-protector-all -std=c++11 -I././include/ -c src/pot_diagnostic.cpp
g++ -Wall -g -O0 -Wwrite-strings -Wshadow -pedantic-errors -fstack-protector-all -std=c++11 -I././include/ -c src/time_history_diagnostics.cpp
g++ -Wall -g -O0 -Wwrite-strings -Wshadow -pedantic-errors -fstack-protector-all -std=c++11 -I././include/ -c src/run_man.cpp
g++ -Wall -g -O0 -Wwrite-strings -Wshadow -pedantic-errors -fstack-protector-all -std=c++11 -I././include/ -c src/psd.cpp
g++ -Wall -g -O0 -Wwrite-strings -Wshadow -pedantic-errors -fstack-protector-all -std=c++11 -I././include/ -c src/field_diagnostic.cpp
g++ -Wall -g -O0 -Wwrite-strings -Wshadow -pedantic-errors -fstack-protector-all -std=c++11 -I././include/ -c src/energy_diagnostic.cpp
g++ -Wall -g -O0 -Wwrite-strings -Wshadow -pedantic-errors -fstack-protector-all -std=c++11 -I././include/ -c src/density.cpp
g++ -Wall -g -O0 -Wwrite-strings -Wshadow -pedantic-errors -fstack-protector-all -std=c++11 -I././include/ -c src/snapshot_diagnostics.cpp
g++ -Wall -g -O0 -Wwrite-strings -Wshadow -pedantic-errors -fstack-protector-all -std=c++11 -I././include/ -c src/weighing.cpp
g++ -Wall -g -O0 -Wwrite-strings -Wshadow -pedantic-errors -fstack-protector-all -std=c++11 -I././include/ -c src/ion.cpp
g++ -Wall -g -O0 -Wwrite-strings -Wshadow -pedantic-errors -fstack-protector-all -std=c++11 -I././include/ -c src/phase_diagnostic.cpp
g++ -Wall -g -O0 -Wwrite-strings -Wshadow -pedantic-errors -fstack-protector-all -std=c++11 -I././include/ -c src/move.cpp
g++ -Wall -g -O0 -Wwrite-strings -Wshadow -pedantic-errors -fstack-protector-all -std=c++11 -I././include/ -c src/field.cpp
g++ -Wall -g -O0 -Wwrite-strings -Wshadow -pedantic-errors -fstack-protector-all -std=c++11 -I././include/ -c src/init_pos.cpp
g++ -Wall -g -O0 -Wwrite-strings -Wshadow -pedantic-errors -fstack-protector-all -std=c++11 -I././include/ -c src/density_diagnostic.cpp
g++ -Wall -g -O0 -Wwrite-strings -Wshadow -pedantic-errors -fstack-protector-all -std=c++11 -I././include/ -c src/init_v.cpp
g++ -o run particle.o transform_wrapper.o adjacent_coods.o mom_diagnostic.o out_writer.o electron.o square_mod.o wrap_around.o pot_diagnostic.o time_history_diagnostics.o run_man.o psd.o field_diagnostic.o energy_diagnostic.o density.o snapshot_diagnostics.o weighing.o ion.o phase_diagnostic.o move.o field.o init_pos.o density_diagnostic.o init_v.o /usr/lib64/libfftw3.so /usr/lib64/libm.so /usr/lib64/libgsl.so /usr/lib64/libgslcblas.so
